// Jest Snapshot v1, https://goo.gl/fbAQLP

exports[`TabList component should render correctly 1`] = `
<div
  className="tab-list"
>
  <Tabs
    onChange={[Function]}
    tabPosition="left"
  />
</div>
`;
