// Jest Snapshot v1, https://goo.gl/fbAQLP

exports[`Header component Should render correctly 1`] = `
<header
  className="Header"
>
  <div
    className="logo-block"
  >
    <a
      className="logo"
      href=""
    >
      <img
        alt="Nexus"
        src="/mock/path"
      />
    </a>
    <h1>
      Nexus
    </h1>
  </div>
  <div
    className="menu-block"
  >
    <Dropdown
      mouseEnterDelay={0.15}
      mouseLeaveDelay={0.1}
      overlay={
        <Menu
          className=""
          focusable={false}
          prefixCls="ant-menu"
          theme="light"
        >
          <MenuItem>
            <p>
              A p tag
            </p>
          </MenuItem>
          <MenuItem>
            <a
              href="/somepage"
            >
              A link to some page
            </a>
          </MenuItem>
        </Menu>
      }
      placement="bottomLeft"
      prefixCls="ant-dropdown"
    >
      <a
        className="menu-dropdown ant-dropdown-link"
      >
        Mark Hamil
         
        <Icon
          type="down"
        />
      </a>
    </Dropdown>
  </div>
</header>
`;
